src/common/DynamicForm/CommonForm.tsx(10,23): error TS6133: 'Upload' is declared but its value is never read.
src/common/DynamicForm/CommonForm.tsx(10,31): error TS6133: 'Check' is declared but its value is never read.
src/common/DynamicForm/CommonForm.tsx(10,38): error TS6133: 'ChevronsUpDown' is declared but its value is never read.
src/common/DynamicForm/CommonForm.tsx(10,54): error TS6133: 'Search' is declared but its value is never read.
src/common/DynamicForm/CommonForm.tsx(10,62): error TS6133: 'X' is declared but its value is never read.
src/common/DynamicForm/CommonForm.tsx(10,77): error TS6133: 'CalendarIcon' is declared but its value is never read.
src/common/DynamicForm/CommonForm.tsx(10,91): error TS6133: 'Info' is declared but its value is never read.
src/common/DynamicForm/CommonForm.tsx(11,1): error TS6133: 'Calendar' is declared but its value is never read.
src/common/DynamicForm/CommonForm.tsx(20,28): error TS2307: Cannot find module './FormFields/FileUpload' or its corresponding type declarations.
src/common/DynamicForm/CommonForm.tsx(23,28): error TS6196: 'Option' is declared but never used.
src/common/DynamicForm/CommonForm.tsx(28,1): error TS6192: All imports in import declaration are unused.
src/common/DynamicForm/CommonForm.tsx(393,19): error TS2322: Type 'PathValue<T, Path<T>>' is not assignable to type 'string | Date | null'.
  Type 'Path<T> extends `${infer K}.${infer R}` ? K extends string ? R extends never ? R extends `${infer K}.${infer R}` ? K extends never ? R extends never ? R extends `${infer K}.${infer R}` ? K extends never ? R extends never ? R extends `${infer K}.${infer R}` ? K extends never ? R extends never ? R extends `${infer K}....' is not assignable to type 'string | Date | null'.
    Type 'unknown' is not assignable to type 'string | Date | null'.
src/common/DynamicForm/CommonForm.tsx(418,19): error TS2322: Type 'PathValue<T, Path<T>>' is not assignable to type '[Date | null, Date | null] | null'.
  Type 'Path<T> extends `${infer K}.${infer R}` ? K extends string ? R extends never ? R extends `${infer K}.${infer R}` ? K extends never ? R extends never ? R extends `${infer K}.${infer R}` ? K extends never ? R extends never ? R extends `${infer K}.${infer R}` ? K extends never ? R extends never ? R extends `${infer K}....' is not assignable to type '[Date | null, Date | null] | null'.
    Type 'unknown' is not assignable to type '[Date | null, Date | null] | null'.
src/common/DynamicForm/CommonForm.tsx(444,19): error TS2322: Type 'PathValue<T, Path<T>>' is not assignable to type 'string | Date | null'.
  Type 'Path<T> extends `${infer K}.${infer R}` ? K extends string ? R extends never ? R extends `${infer K}.${infer R}` ? K extends never ? R extends never ? R extends `${infer K}.${infer R}` ? K extends never ? R extends never ? R extends `${infer K}.${infer R}` ? K extends never ? R extends never ? R extends `${infer K}....' is not assignable to type 'string | Date | null'.
    Type 'unknown' is not assignable to type 'string | Date | null'.
